// Jest Snapshot v1, https://goo.gl/fbAQLP

exports[`renders a snapshot 1`] = `
<div
  className="App"
>
  <header
    className="App-header"
  >
    <h1>
      <img
        alt="Portrait of Natalie sitting in a car."
        src={
          Array [
            "/src/NatalieProfilePicture.jpg",
          ]
        }
      />
    </h1>
    <h2>
      NatalieMae
    </h2>
    <p>
      Come and see all the shinnanigans I have gotten into in the last 6months!
    </p>
    <a
      className="App-link"
      href="https://github.com/NatalieMae"
      rel="noopener noreferrer"
      target="_blank"
    >
      GitHub Link
    </a>
  </header>
</div>
`;
